// Jest Snapshot v1, https://goo.gl/fbAQLP

exports[`Card should match the snapshot 1`] = `
ShallowWrapper {
  Symbol(enzyme.__root__): [Circular],
  Symbol(enzyme.__unrendered__): <Card
    addFavorite={[MockFunction]}
    category="people"
    faves={Array []}
    removeFavorite={[MockFunction]}
  />,
  Symbol(enzyme.__renderer__): Object {
    "batchedUpdates": [Function],
    "checkPropTypes": [Function],
    "getNode": [Function],
    "render": [Function],
    "simulateError": [Function],
    "simulateEvent": [Function],
    "unmount": [Function],
  },
  Symbol(enzyme.__node__): Object {
    "instance": null,
    "key": undefined,
    "nodeType": "host",
    "props": Object {
      "children": Array [
        <button
          className="fave-button"
          onClick={[Function]}
        >
          FAVE
        </button>,
        <div
          className="person card"
        >
          <h3>
            Name: 
          </h3>
          <p>
            Species: 
          </p>
          <p>
            Homeworld: 
          </p>
          <p>
            Planet population: 
          </p>
        </div>,
      ],
    },
    "ref": null,
    "rendered": Array [
      Object {
        "instance": null,
        "key": undefined,
        "nodeType": "host",
        "props": Object {
          "children": "FAVE",
          "className": "fave-button",
          "onClick": [Function],
        },
        "ref": null,
        "rendered": "FAVE",
        "type": "button",
      },
      Object {
        "instance": null,
        "key": undefined,
        "nodeType": "host",
        "props": Object {
          "children": Array [
            <h3>
              Name: 
            </h3>,
            <p>
              Species: 
            </p>,
            <p>
              Homeworld: 
            </p>,
            <p>
              Planet population: 
            </p>,
          ],
          "className": "person card",
        },
        "ref": null,
        "rendered": Array [
          Object {
            "instance": null,
            "key": undefined,
            "nodeType": "host",
            "props": Object {
              "children": Array [
                "Name: ",
                undefined,
              ],
            },
            "ref": null,
            "rendered": Array [
              "Name: ",
              undefined,
            ],
            "type": "h3",
          },
          Object {
            "instance": null,
            "key": undefined,
            "nodeType": "host",
            "props": Object {
              "children": Array [
                "Species: ",
                undefined,
              ],
            },
            "ref": null,
            "rendered": Array [
              "Species: ",
              undefined,
            ],
            "type": "p",
          },
          Object {
            "instance": null,
            "key": undefined,
            "nodeType": "host",
            "props": Object {
              "children": Array [
                "Homeworld: ",
                undefined,
              ],
            },
            "ref": null,
            "rendered": Array [
              "Homeworld: ",
              undefined,
            ],
            "type": "p",
          },
          Object {
            "instance": null,
            "key": undefined,
            "nodeType": "host",
            "props": Object {
              "children": Array [
                "Planet population: ",
                undefined,
              ],
            },
            "ref": null,
            "rendered": Array [
              "Planet population: ",
              undefined,
            ],
            "type": "p",
          },
        ],
        "type": "div",
      },
    ],
    "type": "div",
  },
  Symbol(enzyme.__nodes__): Array [
    Object {
      "instance": null,
      "key": undefined,
      "nodeType": "host",
      "props": Object {
        "children": Array [
          <button
            className="fave-button"
            onClick={[Function]}
          >
            FAVE
          </button>,
          <div
            className="person card"
          >
            <h3>
              Name: 
            </h3>
            <p>
              Species: 
            </p>
            <p>
              Homeworld: 
            </p>
            <p>
              Planet population: 
            </p>
          </div>,
        ],
      },
      "ref": null,
      "rendered": Array [
        Object {
          "instance": null,
          "key": undefined,
          "nodeType": "host",
          "props": Object {
            "children": "FAVE",
            "className": "fave-button",
            "onClick": [Function],
          },
          "ref": null,
          "rendered": "FAVE",
          "type": "button",
        },
        Object {
          "instance": null,
          "key": undefined,
          "nodeType": "host",
          "props": Object {
            "children": Array [
              <h3>
                Name: 
              </h3>,
              <p>
                Species: 
              </p>,
              <p>
                Homeworld: 
              </p>,
              <p>
                Planet population: 
              </p>,
            ],
            "className": "person card",
          },
          "ref": null,
          "rendered": Array [
            Object {
              "instance": null,
              "key": undefined,
              "nodeType": "host",
              "props": Object {
                "children": Array [
                  "Name: ",
                  undefined,
                ],
              },
              "ref": null,
              "rendered": Array [
                "Name: ",
                undefined,
              ],
              "type": "h3",
            },
            Object {
              "instance": null,
              "key": undefined,
              "nodeType": "host",
              "props": Object {
                "children": Array [
                  "Species: ",
                  undefined,
                ],
              },
              "ref": null,
              "rendered": Array [
                "Species: ",
                undefined,
              ],
              "type": "p",
            },
            Object {
              "instance": null,
              "key": undefined,
              "nodeType": "host",
              "props": Object {
                "children": Array [
                  "Homeworld: ",
                  undefined,
                ],
              },
              "ref": null,
              "rendered": Array [
                "Homeworld: ",
                undefined,
              ],
              "type": "p",
            },
            Object {
              "instance": null,
              "key": undefined,
              "nodeType": "host",
              "props": Object {
                "children": Array [
                  "Planet population: ",
                  undefined,
                ],
              },
              "ref": null,
              "rendered": Array [
                "Planet population: ",
                undefined,
              ],
              "type": "p",
            },
          ],
          "type": "div",
        },
      ],
      "type": "div",
    },
  ],
  Symbol(enzyme.__options__): Object {
    "adapter": ReactSixteenAdapter {
      "options": Object {
        "enableComponentDidUpdateOnSetState": true,
        "legacyContextMode": "parent",
        "lifecycles": Object {
          "componentDidUpdate": Object {
            "onSetState": true,
          },
          "getChildContext": Object {
            "calledByRenderer": false,
          },
          "getDerivedStateFromProps": Object {
            "hasShouldComponentUpdateBug": false,
          },
          "getSnapshotBeforeUpdate": true,
          "setState": Object {
            "skipsComponentDidUpdateOnNullish": true,
          },
        },
      },
    },
  },
}
`;
