// Jest Snapshot v1, https://goo.gl/fbAQLP

exports[`Header should match the snapshot 1`] = `
ShallowWrapper {
  Symbol(enzyme.__root__): [Circular],
  Symbol(enzyme.__unrendered__): <Header
    faves={0}
    setCategory={[MockFunction]}
  />,
  Symbol(enzyme.__renderer__): Object {
    "batchedUpdates": [Function],
    "checkPropTypes": [Function],
    "getNode": [Function],
    "render": [Function],
    "simulateError": [Function],
    "simulateEvent": [Function],
    "unmount": [Function],
  },
  Symbol(enzyme.__node__): Object {
    "instance": null,
    "key": undefined,
    "nodeType": "host",
    "props": Object {
      "children": Array [
        <h1>
          Swapi-Box
        </h1>,
        <div
          className="button-holder"
        >
          <Button
            button="People"
            passEvent={[Function]}
          />
          <Button
            button="Planets"
            passEvent={[Function]}
          />
          <Button
            button="Vehicles"
            passEvent={[Function]}
          />
          <button>
            Faves(undefined)
          </button>
        </div>,
      ],
    },
    "ref": null,
    "rendered": Array [
      Object {
        "instance": null,
        "key": undefined,
        "nodeType": "host",
        "props": Object {
          "children": "Swapi-Box",
        },
        "ref": null,
        "rendered": "Swapi-Box",
        "type": "h1",
      },
      Object {
        "instance": null,
        "key": undefined,
        "nodeType": "host",
        "props": Object {
          "children": Array [
            Array [
              <Button
                button="People"
                passEvent={[Function]}
              />,
              <Button
                button="Planets"
                passEvent={[Function]}
              />,
              <Button
                button="Vehicles"
                passEvent={[Function]}
              />,
            ],
            <button>
              Faves(undefined)
            </button>,
          ],
          "className": "button-holder",
        },
        "ref": null,
        "rendered": Array [
          Object {
            "instance": null,
            "key": "People",
            "nodeType": "function",
            "props": Object {
              "button": "People",
              "passEvent": [Function],
            },
            "ref": null,
            "rendered": null,
            "type": [Function],
          },
          Object {
            "instance": null,
            "key": "Planets",
            "nodeType": "function",
            "props": Object {
              "button": "Planets",
              "passEvent": [Function],
            },
            "ref": null,
            "rendered": null,
            "type": [Function],
          },
          Object {
            "instance": null,
            "key": "Vehicles",
            "nodeType": "function",
            "props": Object {
              "button": "Vehicles",
              "passEvent": [Function],
            },
            "ref": null,
            "rendered": null,
            "type": [Function],
          },
          Object {
            "instance": null,
            "key": undefined,
            "nodeType": "host",
            "props": Object {
              "children": "Faves(undefined)",
            },
            "ref": null,
            "rendered": "Faves(undefined)",
            "type": "button",
          },
        ],
        "type": "div",
      },
    ],
    "type": "div",
  },
  Symbol(enzyme.__nodes__): Array [
    Object {
      "instance": null,
      "key": undefined,
      "nodeType": "host",
      "props": Object {
        "children": Array [
          <h1>
            Swapi-Box
          </h1>,
          <div
            className="button-holder"
          >
            <Button
              button="People"
              passEvent={[Function]}
            />
            <Button
              button="Planets"
              passEvent={[Function]}
            />
            <Button
              button="Vehicles"
              passEvent={[Function]}
            />
            <button>
              Faves(undefined)
            </button>
          </div>,
        ],
      },
      "ref": null,
      "rendered": Array [
        Object {
          "instance": null,
          "key": undefined,
          "nodeType": "host",
          "props": Object {
            "children": "Swapi-Box",
          },
          "ref": null,
          "rendered": "Swapi-Box",
          "type": "h1",
        },
        Object {
          "instance": null,
          "key": undefined,
          "nodeType": "host",
          "props": Object {
            "children": Array [
              Array [
                <Button
                  button="People"
                  passEvent={[Function]}
                />,
                <Button
                  button="Planets"
                  passEvent={[Function]}
                />,
                <Button
                  button="Vehicles"
                  passEvent={[Function]}
                />,
              ],
              <button>
                Faves(undefined)
              </button>,
            ],
            "className": "button-holder",
          },
          "ref": null,
          "rendered": Array [
            Object {
              "instance": null,
              "key": "People",
              "nodeType": "function",
              "props": Object {
                "button": "People",
                "passEvent": [Function],
              },
              "ref": null,
              "rendered": null,
              "type": [Function],
            },
            Object {
              "instance": null,
              "key": "Planets",
              "nodeType": "function",
              "props": Object {
                "button": "Planets",
                "passEvent": [Function],
              },
              "ref": null,
              "rendered": null,
              "type": [Function],
            },
            Object {
              "instance": null,
              "key": "Vehicles",
              "nodeType": "function",
              "props": Object {
                "button": "Vehicles",
                "passEvent": [Function],
              },
              "ref": null,
              "rendered": null,
              "type": [Function],
            },
            Object {
              "instance": null,
              "key": undefined,
              "nodeType": "host",
              "props": Object {
                "children": "Faves(undefined)",
              },
              "ref": null,
              "rendered": "Faves(undefined)",
              "type": "button",
            },
          ],
          "type": "div",
        },
      ],
      "type": "div",
    },
  ],
  Symbol(enzyme.__options__): Object {
    "adapter": ReactSixteenAdapter {
      "options": Object {
        "enableComponentDidUpdateOnSetState": true,
        "legacyContextMode": "parent",
        "lifecycles": Object {
          "componentDidUpdate": Object {
            "onSetState": true,
          },
          "getChildContext": Object {
            "calledByRenderer": false,
          },
          "getDerivedStateFromProps": Object {
            "hasShouldComponentUpdateBug": false,
          },
          "getSnapshotBeforeUpdate": true,
          "setState": Object {
            "skipsComponentDidUpdateOnNullish": true,
          },
        },
      },
    },
  },
  Symbol(enzyme.__childContext__): null,
}
`;
